........................................................................ [ 25%]
........................................................................ [ 50%]
.................................F...................................... [ 76%]
.............................F.FFF.........F.FFF.......F.......F....     [100%]
================================== FAILURES ===================================
E   assert 0.5 == 1.0
     +  where 0.5 = MetaObservation(done=False, reward=0.25, metadata={'step': 1, 'attempt': 1, 'episode_avg_score': 0.0}, agent='email_tr...rect', 'full_order']", score=0.5, partial_credits={'top2_critical': False, 'top5_correct': False, 'full_order': False}).score
D:\Akarsh all\Pratical\Meta\tests\test_environment.py:424: assert 0.5 == 1.0
E   assert 0.0 == 0.17
D:\Akarsh all\Pratical\Meta\tests\test_environment.py:585: assert 0.0 == 0.17
E   assert 0.33 == 0.0
D:\Akarsh all\Pratical\Meta\tests\test_environment.py:585: assert 0.33 == 0.0
E   assert 0.43 == 0.14
D:\Akarsh all\Pratical\Meta\tests\test_environment.py:585: assert 0.43 == 0.14
E   assert 0.75 == 0.5
D:\Akarsh all\Pratical\Meta\tests\test_environment.py:585: assert 0.75 == 0.5
E   AssertionError: assert {'age_row3': ..._row1': False} == {'age_row2': ..._row6': False}
      
      Omitting 1 identical items, use -vv to show
      Left contains 3 more items:
      {'age_row3': False, 'name_row2': False, 'salary_row1': False}
      Right contains 3 more items:
      {'age_row2': True, 'email_row4': False, 'name_row6': False}
      Use -v to get more diff
D:\Akarsh all\Pratical\Meta\tests\test_environment.py:595: AssertionError: assert {'age_row3': ..._row1': False} == {'age_row2': ..._row6': False}
E   AssertionError: assert {'imputation_...rrect': False} == {'imputation_...rrect': False}
      
      Omitting 2 identical items, use -vv to show
      Differing items:
      {'imputation_valid': True} != {'imputation_valid': False}
      Use -v to get more diff
D:\Akarsh all\Pratical\Meta\tests\test_environment.py:595: AssertionError: assert {'imputation_...rrect': False} == {'imputation_...rrect': False}
E   AssertionError: assert {'c1': False,...': False, ...} == {'c1': True, ...4': True, ...}
      
      Omitting 1 identical items, use -vv to show
      Differing items:
      {'c5': True} != {'c5': False}
      {'c3': True} != {'c3': False}
      {'c4': False} != {'c4': True}
      {'c2': True} != {'c2': False}...
      
      ...Full output truncated (3 lines hidden), use '-vv' to show
D:\Akarsh all\Pratical\Meta\tests\test_environment.py:595: AssertionError: assert {'c1': False,...': False, ...} == {'c1': True, ...4': True, ...}
E   AssertionError: assert {'m1': True, ...': False, ...} == {'m1': True, ...4': True, ...}
      
      Omitting 6 identical items, use -vv to show
      Differing items:
      {'m4': False} != {'m4': True}
      {'m6': False} != {'m6': True}
      Use -v to get more diff
D:\Akarsh all\Pratical\Meta\tests\test_environment.py:595: AssertionError: assert {'m1': True, ...': False, ...} == {'m1': True, ...4': True, ...}
E   assert 0.5 == 1.0
     +  where 0.5 = MetaObservation(done=False, reward=0.25, metadata={'step': 1, 'attempt': 1, 'episode_avg_score': 0.0}, agent='email_tr...rect', 'full_order']", score=0.5, partial_credits={'top2_critical': False, 'top5_correct': False, 'full_order': False}).score
D:\Akarsh all\Pratical\Meta\tests\test_environment.py:628: assert 0.5 == 1.0
E   assert False is True
     +  where False = <built-in method get of dict object at 0x000001F3EEFD99C0>('outliers_correct')
     +    where <built-in method get of dict object at 0x000001F3EEFD99C0> = {'imputation_valid': True, 'missing_correct': False, 'outliers_correct': False}.get
     +      where {'imputation_valid': True, 'missing_correct': False, 'outliers_correct': False} = MetaObservation(done=False, reward=0.165, metadata={'step': 1, 'attempt': 1, 'episode_avg_score': 0.0}, agent='data_cl...orrect']", score=0.33, partial_credits={'outliers_correct': False, 'missing_correct': False, 'imputation_valid': True}).partial_credits
D:\Akarsh all\Pratical\Meta\tests\test_environment.py:691: assert False is True
=========================== short test summary info ===========================
FAILED tests/test_environment.py::TestRewardClamping::test_perfect_score_reward_clamped
FAILED tests/test_environment.py::TestDeterminism::test_same_score_3x[data_cleaning_easy]
FAILED tests/test_environment.py::TestDeterminism::test_same_score_3x[data_cleaning_hard]
FAILED tests/test_environment.py::TestDeterminism::test_same_score_3x[content_moderation_easy]
FAILED tests/test_environment.py::TestDeterminism::test_same_score_3x[content_moderation_medium]
FAILED tests/test_environment.py::TestDeterminism::test_same_partial_credits_3x[data_cleaning_easy]
FAILED tests/test_environment.py::TestDeterminism::test_same_partial_credits_3x[data_cleaning_hard]
FAILED tests/test_environment.py::TestDeterminism::test_same_partial_credits_3x[content_moderation_easy]
FAILED tests/test_environment.py::TestDeterminism::test_same_partial_credits_3x[content_moderation_medium]
FAILED tests/test_environment.py::TestGraderQuality::test_email_medium_perfect_order
FAILED tests/test_environment.py::TestGraderQuality::test_data_hard_outlier_credit
11 failed, 273 passed in 0.54s
